// Jest Snapshot v1, https://goo.gl/fbAQLP

exports[`AVAChart match snapshot 1`] = `<div />`;
