// Jest Snapshot v1, https://goo.gl/fbAQLP

exports[`BarChart should render without crashed 1`] = `<div />`;
