// Jest Snapshot v1, https://goo.gl/fbAQLP

exports[`BidirectionalBarChart should render without crashed 1`] = `<div />`;
