// Jest Snapshot v1, https://goo.gl/fbAQLP

exports[`BoxChart should render without crashed 1`] = `<div />`;
