// Jest Snapshot v1, https://goo.gl/fbAQLP

exports[`BubbleChart should render without crashed 1`] = `<div />`;
