// Jest Snapshot v1, https://goo.gl/fbAQLP

exports[`BulletChart should render without crashed 1`] = `<div />`;
