// Jest Snapshot v1, https://goo.gl/fbAQLP

exports[`CalendarChart should render without crashed 1`] = `<div />`;
