// Jest Snapshot v1, https://goo.gl/fbAQLP

exports[`ChordChart should render without crashed 1`] = `<div />`;
