// Jest Snapshot v1, https://goo.gl/fbAQLP

exports[`CirclePackingChart should render without crashed 1`] = `<div />`;
