// Jest Snapshot v1, https://goo.gl/fbAQLP

exports[`ColumnLineChart should render without crashed 1`] = `<div />`;
