// Jest Snapshot v1, https://goo.gl/fbAQLP

exports[`ColumnChart should render without crashed 1`] = `<div />`;
