// Jest Snapshot v1, https://goo.gl/fbAQLP

exports[`DensityHeatmapChart should render without crashed 1`] = `<div />`;
