// Jest Snapshot v1, https://goo.gl/fbAQLP

exports[`DensityChart should render without crashed 1`] = `<div />`;
