// Jest Snapshot v1, https://goo.gl/fbAQLP

exports[`DualAxesChart should render without crashed 1`] = `<div />`;
