// Jest Snapshot v1, https://goo.gl/fbAQLP

exports[`FunnelChart should render without crashed 1`] = `<div />`;
