// Jest Snapshot v1, https://goo.gl/fbAQLP

exports[`GroupBarChart should render without crashed 1`] = `<div />`;
