// Jest Snapshot v1, https://goo.gl/fbAQLP

exports[`GroupedRoseChart should render without crashed 1`] = `<div />`;
