// Jest Snapshot v1, https://goo.gl/fbAQLP

exports[`GroupedColumnLineChart should render without crashed 1`] = `<div />`;
