// Jest Snapshot v1, https://goo.gl/fbAQLP

exports[`GroupedColumnChart should render without crashed 1`] = `<div />`;
