// Jest Snapshot v1, https://goo.gl/fbAQLP

exports[`HeatmapChart should render without crashed 1`] = `<div />`;
