// Jest Snapshot v1, https://goo.gl/fbAQLP

exports[`HistogramChart should render without crashed 1`] = `<div />`;
