// Jest Snapshot v1, https://goo.gl/fbAQLP

exports[`LineChart lifecycle 1`] = `<div />`;
