// Jest Snapshot v1, https://goo.gl/fbAQLP

exports[`MatrixChart should render without crashed 1`] = `<div />`;
