// Jest Snapshot v1, https://goo.gl/fbAQLP

exports[`overlappedComboChart should render without crashed 1`] = `<div />`;
