// Jest Snapshot v1, https://goo.gl/fbAQLP

exports[`PercentStackedAreaChart should render without crashed 1`] = `<div />`;
