// Jest Snapshot v1, https://goo.gl/fbAQLP

exports[`PercentStackedColumnChart should render without crashed 1`] = `<div />`;
