// Jest Snapshot v1, https://goo.gl/fbAQLP

exports[`PercentStackedBarChart should render without crashed 1`] = `<div />`;
