// Jest Snapshot v1, https://goo.gl/fbAQLP

exports[`PercentageStackBarChart should render without crashed 1`] = `<div />`;
