// Jest Snapshot v1, https://goo.gl/fbAQLP

exports[`PieChart should render without crashed 1`] = `<div />`;
