// Jest Snapshot v1, https://goo.gl/fbAQLP

exports[`ProgressChart should render without crashed 1`] = `<div />`;
