// Jest Snapshot v1, https://goo.gl/fbAQLP

exports[`RangeBarChart should render without crashed 1`] = `<div />`;
