// Jest Snapshot v1, https://goo.gl/fbAQLP

exports[`RangeColumnChart should render without crashed 1`] = `<div />`;
