// Jest Snapshot v1, https://goo.gl/fbAQLP

exports[`RoseChart should render without crashed 1`] = `<div />`;
