// Jest Snapshot v1, https://goo.gl/fbAQLP

exports[`SankeyChart should render without crashed 1`] = `<div />`;
