// Jest Snapshot v1, https://goo.gl/fbAQLP

exports[`ScatterChart should render without crashed 1`] = `<div />`;
