// Jest Snapshot v1, https://goo.gl/fbAQLP

exports[`StackedRoseChart should render without crashed 1`] = `<div />`;
