// Jest Snapshot v1, https://goo.gl/fbAQLP

exports[`StackedBarChart should render without crashed 1`] = `<div />`;
