// Jest Snapshot v1, https://goo.gl/fbAQLP

exports[`StackedColumnLineChart should render without crashed 1`] = `<div />`;
