// Jest Snapshot v1, https://goo.gl/fbAQLP

exports[`StackedAreaChart should render without crashed 1`] = `<div />`;
