// Jest Snapshot v1, https://goo.gl/fbAQLP

exports[`StackColumnChart should render without crashed 1`] = `<div />`;
