// Jest Snapshot v1, https://goo.gl/fbAQLP

exports[`StackedColumnChart should render without crashed 1`] = `<div />`;
