// Jest Snapshot v1, https://goo.gl/fbAQLP

exports[`StepLineChart should render without crashed 1`] = `<div />`;
