// Jest Snapshot v1, https://goo.gl/fbAQLP

exports[`StockChart should render without crashed 1`] = `<div />`;
