// Jest Snapshot v1, https://goo.gl/fbAQLP

exports[`SunburstChart should render without crashed 1`] = `<div />`;
