// Jest Snapshot v1, https://goo.gl/fbAQLP

exports[`TinyLineChart should render without crashed 1`] = `<div />`;
