// Jest Snapshot v1, https://goo.gl/fbAQLP

exports[`TinyColumnChart should render without crashed 1`] = `<div />`;
