// Jest Snapshot v1, https://goo.gl/fbAQLP

exports[`TreemapChart should render without crashed 1`] = `<div />`;
