// Jest Snapshot v1, https://goo.gl/fbAQLP

exports[`VennChart should render without crashed 1`] = `<div />`;
