// Jest Snapshot v1, https://goo.gl/fbAQLP

exports[`WaterfallChart should render without crashed 1`] = `<div />`;
