// Jest Snapshot v1, https://goo.gl/fbAQLP

exports[`WordCloudChart should render without crashed 1`] = `<div />`;
